$ go run euler-120-square-remainders.go 2 9
222
$ go run euler-120-square-remainders.go 16 56
56644
$ go run euler-120-square-remainders.go 3two 98
Invalid input: Please enter a valid first number.
Error message: strconv.Atoi: parsing "3two": invalid syntax
$ go run euler-120-square-remainders.go 53 4two3
Invalid input: Please enter a valid last number.
Error message: strconv.Atoi: parsing "4two3": invalid syntax
$ go run euler-120-square-remainders.go 62
Usage: go run euler-120-square-remainders.go <first> <last>
$ go run euler-120-square-remainders.go
Usage: go run euler-120-square-remainders.go <first> <last>
