$ go run euler-191-prize-strings.go 3
19
$ go run euler-191-prize-strings.go 7
418
$ go run euler-191-prize-strings.go 11
7077
$ go run euler-191-prize-strings.go twenty
Invalid input: Please enter a valid day.
Error message: strconv.Atoi: parsing "twenty": invalid syntax
$ go run euler-191-prize-strings.go
Usage: go run euler-191-prize-strings.go <day>
